[bunnyinject.fun/index.html]
[backblue.gif]
[fade.gif]
[index.html]
[glimtors.net/pfe/current/tag.min9694.js]
[bunnyinject.fun/img/bunnyinjecticon.png]
[bunnyinject.fun/css/main.css]
[bunnyinject.fun/wrpCbcK2w44/index.html]
[bunnyinject.fun/index-2.html]
[bunnyinject.fun/img/bunnyinject.png]
[bunnyinject.fun/info.html]
[bunnyinject.fun/img/info.png]
[bunnyinject.fun/img/delta.png]
[bunnyinject.fun/img/spotify.png]
[bunnyinject.fun/img/odyssey.png]
[bunnyinject.fun/itms-services_/index204b.html]
[bunnyinject.fun/img/ppsspp.png]
[bunnyinject.fun/img/ipogo2.png]
[bunnyinject.fun/img/amongus.png]
[bunnyinject.fun/img/inds.png]
[bunnyinject.fun/itms-services_/indexfc18.html]
[bunnyinject.fun/itms-services_/index32c2.html]
[bunnyinject.fun/img/taurine.png]
[bunnyinject.fun/itms-services_/index627c.html]
[bunnyinject.fun/img/cercube.png]
[bunnyinject.fun/img/issb.png]
[bunnyinject.fun/img/agario.png]
[bunnyinject.fun/img/plankfilza.png]
[bunnyinject.fun/itms-services_/indexcf7d.html]
[bunnyinject.fun/img/byteguiijjh.png]
[bunnyinject.fun/itms-services_/index1cd9.html]
[bunnyinject.fun/itms-services_/index73fb.html]
[bunnyinject.fun/img/twitch.png]
[bunnyinject.fun/img/picsart.png]
[bunnyinject.fun/itms-services_/indexc420.html]
[bunnyinject.fun/img/whatsapp.png]
[bunnyinject.fun/img/reddit.png]
[bunnyinject.fun/img/byte.png]
[bunnyinject.fun/img/kinemaster.png]
[bunnyinject.fun/img/itorrent.png]
[bunnyinject.fun/itms-services_/index95d6.html]
[bunnyinject.fun/img/ipogo.png]
[bunnyinject.fun/img/electra.png]
[bunnyinject.fun/img/bitlifehack.png]
[bunnyinject.fun/img/8ballhack.png]
[bunnyinject.fun/itms-services_/index76d5.html]
[bunnyinject.fun/img/chimera.png]
[bunnyinject.fun/img/nestopia.png]
[bunnyinject.fun/img/deezer.png]
[bunnyinject.fun/img/videostar.jpg]
[bunnyinject.fun/img/play.png]
[bunnyinject.fun/itms-services_/indexbe80.html]
[bunnyinject.fun/img/etason.png]
[bunnyinject.fun/img/instagram.png]
[bunnyinject.fun/img/unc0ver.png]
[bunnyinject.fun/itms-services_/indexf727.html]
[bunnyinject.fun/img/slugitout2.png]
[bunnyinject.fun/img/utm.png]
[bunnyinject.fun/img/gba4ios.png]
[bunnyinject.fun/img/spotifyred.png]
[bunnyinject.fun/img/spotifyblue.png]
[bunnyinject.fun/itms-services_/indexd675.html]
[bunnyinject.fun/img/spotifyorange.png]
[bunnyinject.fun/img/spotifypink.png]
[asacdn.com/script/atg.js]
[bunnyinject.fun/itms-services_/indexaa11.html]
[bunnyinject.fun/itms-services_/indexdbce.html]
[bunnyinject.fun/itms-services_/index5ef7.html]
[ashcdn.com/script/suv4.js]
[bunnyinject.fun/itms-services_/indexd2d9.html]
[bunnyinject.fun/itms-services_/index431c.html]
[achcdn.com/script/suv4.js]
[bunnyinject.fun/itms-services_/index0cbe.html]
[bunnyinject.fun/itms-services_/index21a6.html]
[bunnyinject.fun/itms-services_/index8356.html]
[bunnyinject.fun/itms-services_/index3bc6.html]
[iclickcdn.com/tag.min.js]
[bunnyinject.fun/itms-services_/index9c75.html]
[bunnyinject.fun/itms-services_/index0b72.html]
[pl16558318.effectivecpmgate.com/17/2f/f9/172ff9c49cdae2e5e48cb48f17c3127a.js]
[bunnyinject.fun/itms-services_/indexb43f.html]
[bunnyinject.fun/itms-services_/indexd6c9.html]
[bunnyinject.fun/index.html]
[bunnyinject.fun/wrpCbcK2w44/index.html]
[bunnyinject.fun/cdn-cgi/scripts/7d0fa10a/cloudflare-static/rocket-loader.min.js]
[bunnyinject.fun/css/main.css]
[bunnyinject.fun/itms-services_/index9c85.html]
[bunnyinject.fun/itms-services_/indexcbde.html]
[bunnyinject.fun/index-2.html]
[bunnyinject.fun/itms-services_/index8c0b.html]
[bunnyinject.fun/itms-services_/indexba42.html]
[bunnyinject.fun/itms-services_/index4075.html]
[bunnyinject.fun/itms-services_/index10e2.html]
[bunnyinject.fun/itms-services_/indexc16b.html]
[bunnyinject.fun/itms-services_/index120e.html]
[bunnyinject.fun/itms-services_/index966c.html]
[bunnyinject.fun/itms-services_/index6307.html]
[ptauxofi.net/pfe/current/tag.minab83.js]
[bunnyinject.fun/itms-services_/indexb418.html]
[pagead2.googlesyndication.com/pagead/js/f.txt]
[bunnyinject.fun/itms-services_/index8864.html]
[bunnyinject.fun/img/paypal.jpg]
[bunnyinject.fun/itms-services_/index7515.html]
[bunnyinject.fun/ads.html]
[bunnyinject.fun/img/Casp.png]
[bunnyinject.fun/img/3store.png]
[bunnyinject.fun/img/instahub.png]
[bunnyinject.fun/img/apphub.png]
[pl16559075.effectivecpmgate.com/c4f3bd2af1df4576592479d27b17d621/invoke.js]
[bunnyinject.fun/info.html]
[bunnyinject.fun/itms-services_/index204b.html]
[bunnyinject.fun/itms-services_/indexfc18.html]
[bunnyinject.fun/itms-services_/index32c2.html]
[bunnyinject.fun/itms-services_/index627c.html]
[bunnyinject.fun/itms-services_/indexcf7d.html]
[bunnyinject.fun/itms-services_/index1cd9.html]
[bunnyinject.fun/itms-services_/index73fb.html]
[bunnyinject.fun/itms-services_/indexc420.html]
[bunnyinject.fun/itms-services_/index95d6.html]
[bunnyinject.fun/itms-services_/index76d5.html]
[bunnyinject.fun/itms-services_/indexbe80.html]
[bunnyinject.fun/itms-services_/indexf727.html]
[bunnyinject.fun/itms-services_/indexd675.html]
[bunnyinject.fun/img/byteguiijjh.html]
[bunnyinject.fun/itms-services_/indexaa11.html]
[bunnyinject.fun/itms-services_/index5ef7.html]
[bunnyinject.fun/itms-services_/indexdbce.html]
[bunnyinject.fun/itms-services_/index431c.html]
[bunnyinject.fun/itms-services_/indexd2d9.html]
[bunnyinject.fun/itms-services_/index0cbe.html]
[bunnyinject.fun/itms-services_/index21a6.html]
[bunnyinject.fun/itms-services_/index8356.html]
[bunnyinject.fun/itms-services_/index3bc6.html]
[bunnyinject.fun/itms-services_/index9c75.html]
[bunnyinject.fun/itms-services_/index0b72.html]
[bunnyinject.fun/itms-services_/indexb43f.html]
[bunnyinject.fun/itms-services_/indexd6c9.html]
[bunnyinject.fun/itms-services_/index9c85.html]
[bunnyinject.fun/itms-services_/indexcbde.html]
[bunnyinject.fun/itms-services_/indexba42.html]
[bunnyinject.fun/itms-services_/index8c0b.html]
[bunnyinject.fun/itms-services_/index10e2.html]
[bunnyinject.fun/itms-services_/index4075.html]
[bunnyinject.fun/itms-services_/indexc16b.html]
[bunnyinject.fun/itms-services_/index120e.html]
[bunnyinject.fun/itms-services_/index966c.html]
[bunnyinject.fun/itms-services_/index6307.html]
[bunnyinject.fun/itms-services_/indexb418.html]
[bunnyinject.fun/itms-services_/index8864.html]
[bunnyinject.fun/itms-services_/index7515.html]
[bunnyinject.fun/js/main.js]
[pl16559092.effectivecpmgate.com/83/03/7a/83037a96130e410fe2d4e48ea785776b.js]
[acscdn.com/script/atg.js]
[bunnyinject.fun/ads.html]
[abruptlyinstitution.com/17/2f/f9/172ff9c49cdae2e5e48cb48f17c3127a.js]
